\BOOKMARK [1][-]{section.1}{\376\377\000G\000r\000a\000f\000o\000s}{}% 1
\BOOKMARK [2][-]{subsection.1.1}{\376\377\000D\000i\000j\000k\000s\000t\000r\000a}{section.1}% 2
\BOOKMARK [2][-]{subsection.1.2}{\376\377\000B\000f\000s}{section.1}% 3
\BOOKMARK [2][-]{subsection.1.3}{\376\377\000F\000l\000o\000y\000d\000\040\000W\000a\000r\000s\000h\000a\000l\000l}{section.1}% 4
\BOOKMARK [2][-]{subsection.1.4}{\376\377\000K\000r\000u\000s\000k\000a\000l}{section.1}% 5
\BOOKMARK [2][-]{subsection.1.5}{\376\377\000B\000e\000l\000l\000m\000a\000n\000\040\000F\000o\000r\000d}{section.1}% 6
\BOOKMARK [2][-]{subsection.1.6}{\376\377\000D\000f\000s}{section.1}% 7
\BOOKMARK [1][-]{section.2}{\376\377\000A\000l\000g\000o\000r\000i\000t\000m\000o\000s}{}% 8
\BOOKMARK [2][-]{subsection.2.1}{\376\377\000B\000u\000s\000c\000a\000\040\000B\000i\000n\000a\000r\000i\000a}{section.2}% 9
\BOOKMARK [1][-]{section.3}{\376\377\000D\000P}{}% 10
\BOOKMARK [2][-]{subsection.3.1}{\376\377\000K\000n\000a\000p\000s\000a\000c\000k\0000\0001}{section.3}% 11
\BOOKMARK [2][-]{subsection.3.2}{\376\377\000L\000o\000n\000g\000e\000s\000t\000\040\000I\000n\000c\000r\000e\000a\000s\000i\000n\000g\000\040\000S\000u\000b\000s\000e\000q\000u\000e\000n\000c\000e}{section.3}% 12
\BOOKMARK [2][-]{subsection.3.3}{\376\377\000L\000o\000n\000g\000e\000s\000t\000\040\000C\000o\000m\000m\000o\000n\000\040\000S\000u\000b\000s\000e\000q\000u\000e\000n\000c\000e}{section.3}% 13
\BOOKMARK [2][-]{subsection.3.4}{\376\377\000K\000n\000a\000p\000s\000a\000c\000k\000\040\000P\000o\000s\000s\000i\000b\000l\000e\000\040\000S\000u\000m\000s}{section.3}% 14
\BOOKMARK [2][-]{subsection.3.5}{\376\377\000E\000d\000i\000t\000\040\000D\000i\000s\000t\000a\000n\000c\000e}{section.3}% 15
\BOOKMARK [1][-]{section.4}{\376\377\000M\000a\000t\000h}{}% 16
\BOOKMARK [2][-]{subsection.4.1}{\376\377\000T\000o\000t\000i\000e\000n\000t}{section.4}% 17
\BOOKMARK [2][-]{subsection.4.2}{\376\377\000E\000x\000p}{section.4}% 18
\BOOKMARK [2][-]{subsection.4.3}{\376\377\000C\000r\000i\000v\000o}{section.4}% 19
\BOOKMARK [2][-]{subsection.4.4}{\376\377\000I\000n\000v\000e\000r\000s\000o\000\040\000M\000o\000d\000u\000l\000a\000r}{section.4}% 20
\BOOKMARK [2][-]{subsection.4.5}{\376\377\000F\000a\000s\000t\000\040\000E\000x\000p\000o\000n\000e\000n\000t\000i\000a\000t\000i\000o\000n}{section.4}% 21
\BOOKMARK [2][-]{subsection.4.6}{\376\377\000M\000a\000t\000r\000i\000x\000\040\000E\000x\000p\000o\000n\000e\000n\000t\000i\000a\000t\000i\000o\000n}{section.4}% 22
\BOOKMARK [2][-]{subsection.4.7}{\376\377\000G\000c\000d}{section.4}% 23
\BOOKMARK [1][-]{section.5}{\376\377\000E\000D}{}% 24
\BOOKMARK [2][-]{subsection.5.1}{\376\377\000S\000e\000g\000t\000r\000e\000e\000\040\000R\000e\000c\000u\000r\000s\000i\000v\000a\000\040\000L\000a\000z\000y}{section.5}% 25
\BOOKMARK [2][-]{subsection.5.2}{\376\377\000S\000e\000g\000t\000r\000e\000e\000\040\000I\000t\000e\000r\000a\000t\000i\000v\000a}{section.5}% 26
\BOOKMARK [2][-]{subsection.5.3}{\376\377\000D\000s\000u}{section.5}% 27
\BOOKMARK [1][-]{section.6}{\376\377\000M\000i\000s\000c}{}% 28
\BOOKMARK [2][-]{subsection.6.1}{\376\377\000B\000i\000t\000w\000i\000s\000e}{section.6}% 29
\BOOKMARK [2][-]{subsection.6.2}{\376\377\000T\000e\000m\000p\000l\000a\000t\000e}{section.6}% 30
\BOOKMARK [2][-]{subsection.6.3}{\376\377\000M\000a\000t\000h\000\040\000M\000i\000s\000c}{section.6}% 31
\BOOKMARK [2][-]{subsection.6.4}{\376\377\000C\000p\000p\000\040\000F\000u\000n\000c\000t\000i\000o\000n\000s}{section.6}% 32
\BOOKMARK [2][-]{subsection.6.5}{\376\377\000O\000u\000t\000r\000o\000s\000\040\000N\000o\000t\000e\000b\000o\000o\000k\000s}{section.6}% 33
